{
  "version": "1.5.0",
  "plugins_used": [
    { "name": "AWSKeyDetector" },
    { "name": "BasicAuthDetector" },
    { "name": "CloudantDetector" },
    { "name": "HexHighEntropyString", "limit": 3.0 },
    { "name": "Base64HighEntropyString", "limit": 4.5 },
    { "name": "KeywordDetector" },
    { "name": "PrivateKeyDetector" },
    { "name": "JwtTokenDetector" }
  ],
  "filters_used": [
    { "path": "detect_secrets.filters.allowlist.is_line_allowlisted" },
    { "path": "detect_secrets.filters.heuristic.is_potential_uuid" },
    { "path": "detect_secrets.filters.heuristic.is_likely_id_string" }
  ],
  "results": {},
  "generated_at": "2026-01-01T00:00:00Z"
}
